// Copyright 2024-2025 Oliver Eikemeier. All Rights Reserved.
//
// Licensed under the Apache License, Version 2.0 (the "License");
// you may not use this file except in compliance with the License.
// You may obtain a copy of the License at
//
//     http://www.apache.org/licenses/LICENSE-2.0
//
// Unless required by applicable law or agreed to in writing, software
// distributed under the License is distributed on an "AS IS" BASIS,
// WITHOUT WARRANTIES OR CONDITIONS OF ANY KIND, either express or implied.
// See the License for the specific language governing permissions and
// limitations under the License.
//
// SPDX-License-Identifier: Apache-2.0

package a

import (
	"fmt"

	"github.com/pkg/errors"
)

func PkgErrors() {
	var oneErr typedError[int] // want " \\(zl:var\\)$"
	if errors.As(ErrOne, &oneErr) {
		fmt.Println("ErrOne is typedError[int]")
	}

	_ = errors.Is(ErrOne, error(ErrTwo))                // want " \\(zl:cme\\)$"
	_ = errors.Is(error(ErrTwo), typedError[float64]{}) // want " \\(zl:add\\)$" " \\(zl:cme\\)$"

	a := typedError[int]{}
	_ = errors.Is(ErrOne, a) // want " \\(zl:add\\)$" " \\(zl:cmp\\)$"
}
