// Copyright 2024-2025 Oliver Eikemeier. All Rights Reserved.
//
// Licensed under the Apache License, Version 2.0 (the "License");
// you may not use this file except in compliance with the License.
// You may obtain a copy of the License at
//
//     http://www.apache.org/licenses/LICENSE-2.0
//
// Unless required by applicable law or agreed to in writing, software
// distributed under the License is distributed on an "AS IS" BASIS,
// WITHOUT WARRANTIES OR CONDITIONS OF ANY KIND, either express or implied.
// See the License for the specific language governing permissions and
// limitations under the License.
//
// SPDX-License-Identifier: Apache-2.0

package a

import c "test/a/b"

func ReturnsNil() (*int, c.Empty[int]) { // want " \\(zl:res\\)$"
	return nil, c.Empty[int]{} // want " \\(zl:add\\)$"
}

func ReturnsNil2() (*int, c.Empty[int]) { // want " \\(zl:res\\)$"
	r := 1
	return &r, c.Empty[int]{} // want " \\(zl:ret\\)$"
}

func ReturnsNil3() (c.Empty[int], xError) { // want " \\(zl:res\\)$" " \\(zl:res\\+\\)$"
	return func() (c.Empty[int], xError) { // want " \\(zl:res\\)$" " \\(zl:res\\+\\)$"
		return c.Empty[int]{}, xError{} // want " \\(zl:ret\\)$" " \\(zl:ret\\+\\)$"
	}()
}
