// Copyright 2024-2025 Oliver Eikemeier. All Rights Reserved.
//
// Licensed under the Apache License, Version 2.0 (the "License");
// you may not use this file except in compliance with the License.
// You may obtain a copy of the License at
//
//     http://www.apache.org/licenses/LICENSE-2.0
//
// Unless required by applicable law or agreed to in writing, software
// distributed under the License is distributed on an "AS IS" BASIS,
// WITHOUT WARRANTIES OR CONDITIONS OF ANY KIND, either express or implied.
// See the License for the specific language governing permissions and
// limitations under the License.
//
// SPDX-License-Identifier: Apache-2.0

package a

import (
	"fmt"
	"testing"

	"github.com/stretchr/testify/assert"
	"github.com/stretchr/testify/require"
)

func TestTestify(t *testing.T) {
	assert.Error(t, ErrOne)

	assert.EqualError(t, ErrOne, "an error")

	require.ErrorIs(t, ErrOne, nil)

	var oneErr typedError[int] // want " \\(zl:var\\)$"
	if assert.ErrorAs(t, ErrOne, &oneErr) {
		fmt.Println("ErrOne is typedError[int]")
	}

	assert.Equal(t, ErrOne, ErrTwo)
}
