// Copyright 2024 Oliver Eikemeier. All Rights Reserved.
//
// Licensed under the Apache License, Version 2.0 (the "License");
// you may not use this file except in compliance with the License.
// You may obtain a copy of the License at
//
//     http://www.apache.org/licenses/LICENSE-2.0
//
// Unless required by applicable law or agreed to in writing, software
// distributed under the License is distributed on an "AS IS" BASIS,
// WITHOUT WARRANTIES OR CONDITIONS OF ANY KIND, either express or implied.
// See the License for the specific language governing permissions and
// limitations under the License.
//
// SPDX-License-Identifier: Apache-2.0

package a

import (
	"fmt"
)

func Exported() {
	var x [0]string
	var y [0]string

	_ = struct{}{} // want "new called on zero-sized type"

	type empty struct{}
	_ = empty{} // want "new called on zero-sized type"

	xp, yp := x, y // want "address of zero-size variable" "address of zero-size variable"

	_ = xp // want "pointer to zero-size variable"

	if xp == yp { // want "comparison of pointers to zero-size variables"
		fmt.Println("equal")
	}

	if xp != yp { // want "comparison of pointers to zero-size variables"
		fmt.Println("not equal")
	}

	_, _ = any(xp).(([0]string)) // want "pointer to zero-sized type"

	switch any(xp).(type) {
	case ([0]string): // want "pointer to zero-sized type"
	case string:
	}
}
